---
source: tests/wizard_tests.rs
assertion_line: 81
expression: "&yml"
---
# Govbot Manifest
# Schema: https://raw.githubusercontent.com/chihacknight/govbot/main/schemas/govbot.schema.json
$schema: https://raw.githubusercontent.com/chihacknight/govbot/main/schemas/govbot.schema.json

datasets:
  - wy

transforms:
  classify:
    command: [fastclass, classify, "-"]
    reads: docs
    writes: classification
    # Path to your fastclass classifier bundle (containing classifier.yml).
    classifier: ./classifier

publish:
  feed:
    type: rss
    base_url: "https://sartaj.me/govbot"
    output_dir: "docs"
    output_file: "feed.xml"
  site:
    type: html
    base_url: "https://sartaj.me/govbot"
    output_dir: "docs"
    output_file: "index.html"

pipelines:
  default:
    - classify
    - feed
    - site
