---
source: tests/wizard_tests.rs
assertion_line: 31
expression: "&session.to_snapshot()"
---
=== Wizard Session ===

Welcome to govbot! Let's set up your project.

? What datasets do you want to track?
  All jurisdictions in the registry
> Select specific datasets

Browse the registry with `govbot search`.

? Enter dataset ids separated by spaces: il ca ny

Classification is done by fastclass against a classifier bundle.
Point the manifest's `transforms.classify.classifier` at your
bundle directory (containing classifier.yml). See the fastclass
docs to build one.

Publishing is configured for an RSS feed + HTML index by default.
Both land in the "docs" directory (feed.xml + index.html).

? Base URL for your feeds: https://activist.github.io/legislation

  ✓ Created govbot.yml
  ✓ Created .gitignore
  ✓ Created .github/workflows/build.yml

Setup complete! Run 'govbot' again to start the pipeline.

=== Generated: govbot.yml ===

# Govbot Manifest
# Schema: https://raw.githubusercontent.com/chihacknight/govbot/main/schemas/govbot.schema.json
$schema: https://raw.githubusercontent.com/chihacknight/govbot/main/schemas/govbot.schema.json

datasets:
  - il
  - ca
  - ny

transforms:
  classify:
    command: [fastclass, classify, "-"]
    reads: docs
    writes: classification
    # Path to your fastclass classifier bundle (containing classifier.yml).
    classifier: ./classifier

publish:
  feed:
    type: rss
    base_url: "https://activist.github.io/legislation"
    output_dir: "docs"
    output_file: "feed.xml"
  site:
    type: html
    base_url: "https://activist.github.io/legislation"
    output_dir: "docs"
    output_file: "index.html"

pipelines:
  default:
    - classify
    - feed
    - site

=== Generated: .github/workflows/build.yml ===

# Run Govbot
# Runs govbot to pull datasets, apply classifications, and publish feeds.

name: Build Govbot

on:
  push:
    branches:
      - main
      - master
  schedule:
    - cron: '0 0 * * *'
  workflow_dispatch:
    inputs:
      limit:
        description: 'Limit number of entries per artifact (default: 100, use "none" for all)'
        required: false
        type: string

jobs:
  govbot:
    runs-on: ubuntu-latest

    steps:
      - name: Checkout repository
        uses: actions/checkout@v4

      - name: Run Govbot
        uses: chihacknight/govbot/actions/govbot@main
        with:
          limit: ${{ inputs.limit }}
